// Jest Snapshot v1, https://goo.gl/fbAQLP

exports[`<Button /> should render without props 1`] = `
<button
  class="sc-bdfBwQ hfpDAm"
>
  <span
    aria-label="button-text"
  >
    Button
  </span>
</button>
`;
